
The default interactive shell is now zsh.
To update your account to use zsh, please run `chsh -s /bin/zsh`.
For more details, please visit https://support.apple.com/kb/HT208050.
]0;~/Desktop/MinimumRcpp[?1034hEduardoR@Eduardos-MBP MinimumRcpp[32m[00m $ [KEduardoR@Eduardos-MBP MinimumRcpp[32m[00m $ git init
Initialized empty Git repository in /Users/EduardoR/Desktop/MinimumRcpp/.git/
]0;~/Desktop/MinimumRcppEduardoR@Eduardos-MBP MinimumRcpp[32m[00m $ git commit -m ""f"i"r"s"t" "c"m"[1P"o"m"m"i"t"
On branch master

Initial commit

Untracked files:
	[31m.Rbuildignore[m
	[31m.Rproj.user/[m
	[31mDESCRIPTION[m
	[31mMinimumRcpp.Rproj[m
	[31mNAMESPACE[m
	[31mR/[m
	[31mman/[m
	[31msrc/[m

nothing added to commit but untracked files present
]0;~/Desktop/MinimumRcppEduardoR@Eduardos-MBP MinimumRcpp[32m[00m $ git remote add origin git@github.com:eduardoRubioG/MinimumRcpp.git
]0;~/Desktop/MinimumRcppEduardoR@Eduardos-MBP MinimumRcpp[32m[00m $ git push -u origin master
error: src refspec master does not match any
[31merror: failed to push some refs to 'git@github.com:eduardoRubioG/MinimumRcpp.git'
[m]0;~/Desktop/MinimumRcppEduardoR@Eduardos-MBP MinimumRcpp[32m[00m $ git status
On branch master

No commits yet

Untracked files:
  (use "git add <file>..." to include in what will be committed)

	[31m.Rbuildignore[m
	[31m.Rproj.user/[m
	[31mDESCRIPTION[m
	[31mMinimumRcpp.Rproj[m
	[31mNAMESPACE[m
	[31mR/[m
	[31mman/[m
	[31msrc/[m

nothing added to commit but untracked files present (use "git add" to track)
]0;~/Desktop/MinimumRcppEduardoR@Eduardos-MBP MinimumRcpp[32m[00m $ git add .
]0;~/Desktop/MinimumRcppEduardoR@Eduardos-MBP MinimumRcpp[32m[00m $ git commit -m ""f"i"r"s"t" "c"o"m"m"i"t"
[master (root-commit) d9d5b94] first commit
 46 files changed, 586 insertions(+)
 create mode 100644 .Rbuildignore
 create mode 100644 .Rproj.user/F5F2F4C3/build_options
 create mode 100644 .Rproj.user/F5F2F4C3/console06/FE9942C6
 create mode 100644 .Rproj.user/F5F2F4C3/console06/FE9942C6.env
 create mode 100644 .Rproj.user/F5F2F4C3/console06/INDEX001
 create mode 100644 .Rproj.user/F5F2F4C3/cpp-complilation-config
 create mode 100644 .Rproj.user/F5F2F4C3/cpp-definition-cache
 create mode 100644 .Rproj.user/F5F2F4C3/pcs/debug-breakpoints.pper
 create mode 100644 .Rproj.user/F5F2F4C3/pcs/files-pane.pper
 create mode 100644 .Rproj.user/F5F2F4C3/pcs/source-pane.pper
 create mode 100644 .Rproj.user/F5F2F4C3/pcs/windowlayoutstate.pper
 create mode 100644 .Rproj.user/F5F2F4C3/pcs/workbench-pane.pper
 create mode 100644 .Rproj.user/F5F2F4C3/persistent-state
 create mode 100644 .Rproj.user/F5F2F4C3/rmd-outputs
 create mode 100644 .Rproj.user/F5F2F4C3/saved_source_markers
 create mode 100644 .Rproj.user/F5F2F4C3/sources/prop/4BB03C5B
 create mode 100644 .Rproj.user/F5F2F4C3/sources/prop/9C96CA94
 create mode 100644 .Rproj.user/F5F2F4C3/sources/prop/AAD03E60
 create mode 100644 .Rproj.user/F5F2F4C3/sources/prop/D54F2243
 create mode 100644 .Rproj.user/F5F2F4C3/sources/prop/F316ADDE
 create mode 100644 .Rproj.user/F5F2F4C3/sources/prop/INDEX
 create mode 100644 .Rproj.user/F5F2F4C3/sources/s-791E0896/27929B27
 create mode 100644 .Rproj.user/F5F2F4C3/sources/s-791E0896/27929B27-contents
 create mode 100644 .Rproj.user/F5F2F4C3/sources/s-791E0896/AE79A45B
 create mode 100644 .Rproj.user/F5F2F4C3/sources/s-791E0896/AE79A45B-contents
 create mode 100644 .Rproj.user/F5F2F4C3/sources/s-791E0896/EC61700A
 create mode 100644 .Rproj.user/F5F2F4C3/sources/s-791E0896/EC61700A-contents
 create mode 100644 .Rproj.user/F5F2F4C3/sources/s-791E0896/F558D8E7
 create mode 100644 .Rproj.user/F5F2F4C3/sources/s-791E0896/F558D8E7-contents
 create mode 100644 .Rproj.user/F5F2F4C3/sources/s-791E0896/FB37AB63
 create mode 100644 .Rproj.user/F5F2F4C3/sources/s-791E0896/FB37AB63-contents
 create mode 100644 .Rproj.user/F5F2F4C3/sources/s-791E0896/lock_file
 create mode 100644 .Rproj.user/shared/notebooks/patch-chunk-names
 create mode 100644 .Rproj.user/shared/notebooks/paths
 create mode 100644 DESCRIPTION
 create mode 100644 MinimumRcpp.Rproj
 create mode 100644 NAMESPACE
 create mode 100644 R/MinimumRcpp-package.R
 create mode 100644 R/RcppExports.R
 create mode 100644 R/hello.R
 create mode 100644 man/hello.Rd
 create mode 100644 man/kintersection.Rd
 create mode 100644 src/.gitignore
 create mode 100644 src/RcppExports.cpp
 create mode 100644 src/kintersection.cpp
 create mode 100644 src/kintersection.h
]0;~/Desktop/MinimumRcppEduardoR@Eduardos-MBP MinimumRcpp[32m (master)[00m $ git push -u origin master
Enumerating objects: 54, done.
Counting objects:   1% (1/54)   Counting objects:   3% (2/54)   Counting objects:   5% (3/54)   Counting objects:   7% (4/54)   Counting objects:   9% (5/54)   Counting objects:  11% (6/54)   Counting objects:  12% (7/54)   Counting objects:  14% (8/54)   Counting objects:  16% (9/54)   Counting objects:  18% (10/54)   Counting objects:  20% (11/54)   Counting objects:  22% (12/54)   Counting objects:  24% (13/54)   Counting objects:  25% (14/54)   Counting objects:  27% (15/54)   Counting objects:  29% (16/54)   Counting objects:  31% (17/54)   Counting objects:  33% (18/54)   Counting objects:  35% (19/54)   Counting objects:  37% (20/54)   Counting objects:  38% (21/54)   Counting objects:  40% (22/54)   Counting objects:  42% (23/54)   Counting objects:  44% (24/54)   Counting objects:  46% (25/54)   Counting objects:  48% (26/54)   Counting objects:  50% (27/54)   Counting objects:  51% (28/54)   Counting objects:  53% (29/54)   Counting objects:  55% (30/54)   Counting objects:  57% (31/54)   Counting objects:  59% (32/54)   Counting objects:  61% (33/54)   Counting objects:  62% (34/54)   Counting objects:  64% (35/54)   Counting objects:  66% (36/54)   Counting objects:  68% (37/54)   Counting objects:  70% (38/54)   Counting objects:  72% (39/54)   Counting objects:  74% (40/54)   Counting objects:  75% (41/54)   Counting objects:  77% (42/54)   Counting objects:  79% (43/54)   Counting objects:  81% (44/54)   Counting objects:  83% (45/54)   Counting objects:  85% (46/54)   Counting objects:  87% (47/54)   Counting objects:  88% (48/54)   Counting objects:  90% (49/54)   Counting objects:  92% (50/54)   Counting objects:  94% (51/54)   Counting objects:  96% (52/54)   Counting objects:  98% (53/54)   Counting objects: 100% (54/54)   Counting objects: 100% (54/54), done.
Delta compression using up to 8 threads
Compressing objects:   2% (1/47)   Compressing objects:   4% (2/47)   Compressing objects:   6% (3/47)   Compressing objects:   8% (4/47)   Compressing objects:  10% (5/47)   Compressing objects:  12% (6/47)   Compressing objects:  14% (7/47)   Compressing objects:  17% (8/47)   Compressing objects:  19% (9/47)   Compressing objects:  21% (10/47)   Compressing objects:  23% (11/47)   Compressing objects:  25% (12/47)   Compressing objects:  27% (13/47)   Compressing objects:  29% (14/47)   Compressing objects:  31% (15/47)   Compressing objects:  34% (16/47)   Compressing objects:  36% (17/47)   Compressing objects:  38% (18/47)   Compressing objects:  40% (19/47)   Compressing objects:  42% (20/47)   Compressing objects:  44% (21/47)   Compressing objects:  46% (22/47)   Compressing objects:  48% (23/47)   Compressing objects:  51% (24/47)   Compressing objects:  53% (25/47)   Compressing objects:  55% (26/47)   Compressing objects:  57% (27/47)   Compressing objects:  59% (28/47)   Compressing objects:  61% (29/47)   Compressing objects:  63% (30/47)   Compressing objects:  65% (31/47)   Compressing objects:  68% (32/47)   Compressing objects:  70% (33/47)   Compressing objects:  72% (34/47)   Compressing objects:  74% (35/47)   Compressing objects:  76% (36/47)   Compressing objects:  78% (37/47)   Compressing objects:  80% (38/47)   Compressing objects:  82% (39/47)   Compressing objects:  85% (40/47)   Compressing objects:  87% (41/47)   Compressing objects:  89% (42/47)   Compressing objects:  91% (43/47)   Compressing objects:  93% (44/47)   Compressing objects:  95% (45/47)   Compressing objects:  97% (46/47)   Compressing objects: 100% (47/47)   Compressing objects: 100% (47/47), done.
Writing objects:   1% (1/54)   Writing objects:   3% (2/54)   Writing objects:   5% (3/54)   Writing objects:   7% (4/54)   Writing objects:   9% (5/54)   Writing objects:  11% (6/54)   Writing objects:  12% (7/54)   Writing objects:  14% (8/54)   Writing objects:  16% (9/54)   Writing objects:  18% (10/54)   Writing objects:  20% (11/54)   Writing objects:  22% (12/54)   Writing objects:  24% (13/54)   Writing objects:  25% (14/54)   Writing objects:  27% (15/54)   Writing objects:  29% (16/54)   Writing objects:  31% (17/54)   Writing objects:  33% (18/54)   Writing objects:  35% (19/54)   Writing objects:  37% (20/54)   Writing objects:  38% (21/54)   Writing objects:  40% (22/54)   Writing objects:  42% (23/54)   Writing objects:  44% (24/54)   Writing objects:  46% (25/54)   Writing objects:  48% (26/54)   Writing objects:  50% (27/54)   Writing objects:  51% (28/54)   Writing objects:  53% (29/54)   Writing objects:  55% (30/54)   Writing objects:  61% (33/54)   Writing objects:  62% (34/54)   Writing objects:  64% (35/54)   Writing objects:  66% (36/54)   Writing objects:  68% (37/54)   Writing objects:  70% (38/54)   Writing objects:  72% (39/54)   Writing objects:  74% (40/54)   Writing objects:  75% (41/54)   Writing objects:  77% (42/54)   Writing objects:  79% (43/54)   Writing objects:  81% (44/54)   Writing objects:  83% (45/54)   Writing objects:  85% (46/54)   Writing objects:  87% (47/54)   Writing objects:  88% (48/54)   Writing objects:  90% (49/54)   Writing objects:  92% (50/54)   Writing objects:  94% (51/54)   Writing objects:  96% (52/54)   Writing objects:  98% (53/54)   Writing objects: 100% (54/54)   Writing objects: 100% (54/54), 9.79 KiB | 175.00 KiB/s, done.
Total 54 (delta 4), reused 0 (delta 0)
remote: Resolving deltas:   0% (0/4)[Kremote: Resolving deltas: 100% (4/4)[Kremote: Resolving deltas: 100% (4/4), done.[K
To github.com:eduardoRubioG/MinimumRcpp.git
 * [new branch]      master -> master
Branch 'master' set up to track remote branch 'master' from 'origin'.
]0;~/Desktop/MinimumRcppEduardoR@Eduardos-MBP MinimumRcpp[32m (master)[00m $ clear
[H[2J]0;~/Desktop/MinimumRcppEduardoR@Eduardos-MBP MinimumRcpp[32m (master)[00m $ git status
On branch master
Your branch is up to date with 'origin/master'.

Changes not staged for commit:
  (use "git add <file>..." to update what will be committed)
  (use "git checkout -- <file>..." to discard changes in working directory)

	[31mmodified:   .Rproj.user/F5F2F4C3/console06/FE9942C6[m

no changes added to commit (use "git add" and/or "git commit -a")
]0;~/Desktop/MinimumRcppEduardoR@Eduardos-MBP MinimumRcpp[32m (master)[00m $ git status
On branch master
Your branch is up to date with 'origin/master'.

Changes not staged for commit:
  (use "git add <file>..." to update what will be committed)
  (use "git checkout -- <file>..." to discard changes in working directory)

	[31mmodified:   .Rbuildignore[m
	[31mmodified:   .Rproj.user/F5F2F4C3/console06/FE9942C6[m
	[31mmodified:   .Rproj.user/F5F2F4C3/sources/prop/INDEX[m
	[31mmodified:   .Rproj.user/shared/notebooks/paths[m

Untracked files:
  (use "git add <file>..." to include in what will be committed)

	[31m.gitignore[m

no changes added to commit (use "git add" and/or "git commit -a")
]0;~/Desktop/MinimumRcppEduardoR@Eduardos-MBP MinimumRcpp[32m (master)[00m $ ckear
bash: ckear: command not found
]0;~/Desktop/MinimumRcppEduardoR@Eduardos-MBP MinimumRcpp[32m (master)[00m $ clear
[H[2J]0;~/Desktop/MinimumRcppEduardoR@Eduardos-MBP MinimumRcpp[32m (master)[00m $ git sta[K[K[Kad d[K[Kd .
